// Jest Snapshot v1, https://goo.gl/fbAQLP

exports[`ObjectAuthor renders anonymous 1`] = `""`;

exports[`ObjectAuthor renders author 1`] = `
<span>
  <span
    key="foo@example.com"
    style={
      Object {
        "marginRight": 10,
      }
    }
  >
    <Avatar>
      <Gravatar
        default="retro"
        email="foo@example.com"
        protocol="//"
        rating="g"
        size={16}
      />
    </Avatar>
    Foo Bar
  </span>
</span>
`;
